2026-09-06 08:29:28,160 - train_ldm.py - autoencoder:
  pretrained_path: assets/autoencoder_kl.pth
ckpt_root: workdir/flickr192_large/x0pred/ckpts
config_name: flickr192_large
dataset:
  embed_dim: 1024
  grid_size: 12
  name: flickr
  path: "/home/lab722-3090/\u4E0B\u8F09/PQDiff-main (\u526F\u672C)/dataset/scenery/train/images/"
  resolution: 192
hparams: x0pred
immiscible: true
lr_scheduler:
  name: customized
  warmup_steps: 5000
mixed_precision: bf16
nnet:
  depth: 20
  embed_dim: 1024
  img_size: 24
  in_chans: 4
  mlp_ratio: 4
  mlp_time_embed: false
  name: uvit
  num_classes: 6001
  num_heads: 16
  patch_size: 2
  qkv_bias: false
  use_checkpoint: true
  use_self_cond: false
optimizer:
  betas: !!python/tuple
  - 0.9
  - 0.999
  lr: 5.0e-05
  name: adamw
  weight_decay: 0.03
pred: noise_pred
sample:
  algorithm: dpm_solver
  cfg: false
  mini_batch_size: 50
  n_samples: 50000
  path: ''
  sample_steps: 50
  scale: 0.0
sample_dir: workdir/flickr192_large/x0pred/samples
seed: 1234
self_cond:
  enable: false
  prob: 0.5
train:
  batch_size: 32
  eval_interval: 5000
  log_interval: 10
  mode: cond
  n_steps: 100000
  save_interval: 5000
workdir: workdir/flickr192_large/x0pred
z_shape: !!python/tuple
- 4
- 24
- 24

2026-09-06 08:29:28,175 - train_ldm.py - Run on 1 devices
2026-09-06 08:29:34,945 - utils.py - nnet has 285490340 parameters
2026-09-06 08:30:01,242 - train_ldm.py - {'step': '0', 'lr': '0', 'loss': '1.12884'}
2026-09-06 08:30:01,243 - train_ldm.py - workdir/flickr192_large/x0pred
2026-09-06 08:30:10,089 - train_ldm.py - Save a grid of images...
